[backblue.gif]
[fade.gif]
[index.html]
[localhost/website/wordpress/feed/index.html]
[localhost/website/wordpress/comments/feed/index.html]
[localhost/website/wordpress/wp-includes/js/jquery/jquery4a5f.js]
[localhost/website/wordpress/wp-content/themes/Divi/core/admin/js/es6-promise.auto.mind03b.js]
[localhost/website/wordpress/wp-content/themes/Divi/core/admin/js/recaptchad03b.js]
[localhost/website/wordpress/wp-content/plugins/divi-essential/scripts/wow.min.js]
[localhost/website/wordpress/wp-content/plugins/divi-essential/includes/modules/NextTextAnimation/dnxt-text-animation.js]
[localhost/website/wordpress/wp-json/wp/v2/pages/277008.json]
[localhost/website/wordpress/wp-json/index.html]
[localhost/website/wordpress/xmlrpc0db0.php]
[localhost/website/wordpress/wp-includes/wlwmanifest.xml]
[localhost/website/wordpress/wp-json/oembed/1.0/embed0072.json]
[localhost/website/wordpress/wp-json/oembed/1.0/embedf7a3]
[localhost/website/wordpress/wp-content/uploads/2020/09/logotype_dark.png]
[localhost/website/wordpress/wp-content/uploads/2020/10/photo.png]
[localhost/website/wordpress/wp-content/uploads/2020/10/C-sharp-150x150.png]
[localhost/website/wordpress/wp-content/uploads/2020/10/python-150x150.png]
[localhost/website/wordpress/wp-content/uploads/2020/10/Java-150x150.png]
[localhost/website/wordpress/wp-content/uploads/2020/10/R2-150x150.png]
[localhost/website/wordpress/wp-content/uploads/2020/10/SQL-150x150.png]
[localhost/website/wordpress/wp-content/uploads/2020/10/Visual-Studio-150x150.png]
[localhost/website/wordpress/wp-content/uploads/2020/10/Unity-150x150.png]
[localhost/website/wordpress/wp-content/uploads/2020/10/Jupyter2-150x150.png]
[localhost/website/wordpress/wp-content/uploads/2020/10/tableau2-150x150.png]
[localhost/website/wordpress/wp-content/uploads/2020/10/aws2-150x150.png]
[localhost/website/wordpress/wp-content/uploads/2020/10/Google-cloud-150x150.png]
[localhost/website/wordpress/wp-content/uploads/2020/10/azure-150x150.png]
[localhost/website/wordpress/wp-content/uploads/2020/10/Numpy-150x150.png]
[localhost/website/wordpress/wp-content/uploads/2020/10/Pandas-150x150.png]
[localhost/website/wordpress/wp-content/uploads/2020/10/Scikit-learn2-150x150.png]
[localhost/website/wordpress/wp-content/uploads/2020/10/Nltk-150x150.png]
[localhost/website/wordpress/wp-content/plugins/contact-form-7/includes/js/scriptsbb49.js]
[localhost/website/wordpress/wp-content/plugins/dg-divi-carousel/scripts/swiper.min8a54.js]
[localhost/website/wordpress/wp-content/themes/Divi/js/custom.unified82d0.js]
[localhost/website/wordpress/wp-content/plugins/dg-divi-carousel/scripts/frontend-bundle.min488e.js]
[localhost/website/wordpress/wp-content/plugins/divi-essential/scripts/frontend-bundle.min8a54.js]
[localhost/website/wordpress/wp-content/plugins/divi-essential/scripts/swiper.min.js]
[localhost/website/wordpress/wp-content/plugins/divi-essential/scripts/vanilla-tilt.min.js]
[localhost/website/wordpress/wp-content/plugins/divi-essential/scripts/default-value.js]
[localhost/website/wordpress/wp-content/plugins/divi-essential/scripts/scripts.js]
[localhost/website/wordpress/wp-content/plugins/supreme-modules-pro-for-divi/scripts/frontend-bundle.minf3df.js]
[localhost/website/wordpress/wp-content/themes/Divi/core/admin/js/common82d0.js]
[localhost/website/wordpress/wp-content/plugins/divi-toolbox/assets/js/toolbox-scripts1f22.js]
[localhost/website/wordpress/wp-content/plugins/divi-toolbox/assets/js/typedd03b.js]
[localhost/website/wordpress/wp-includes/js/wp-embed.mind03b.js]
[localhost/website/wordpress/wp-content/plugins/supreme-modules-pro-for-divi/public/js/baffle.minf3df.js]
[localhost/website/wordpress/wp-content/plugins/supreme-modules-pro-for-divi/includes/modules/ShuffleLetters/frontend.minf3df.js]
[localhost/website/wordpress/wp-content/plugins/supreme-modules-pro-for-divi/public/js/swiper-bundle.minf3df.js]
[localhost/website/wordpress/wp-content/plugins/supreme-modules-pro-for-divi/includes/modules/CardCarousel/frontend.minf3df.js]
[localhost/website/wordpress/wp-content/plugins/supreme-modules-pro-for-divi/includes/modules/ContactForm7/frontend.minf3df.js]
[localhost/website/wordpress/wp-content/uploads/2020/10/project_1-1024x576.png]
[localhost/website/wordpress/index.html]
[localhost/website/wordpress/xmlrpc.php]
[localhost/website/wordpress/wp-includes/css/dist/block-library/style.mind03b.css]
[localhost/website/wordpress/wp-content/plugins/contact-form-7/images/ajax-loader.gif]
[localhost/website/wordpress/wp-content/plugins/contact-form-7/includes/css/stylesbb49.css]
[localhost/website/wordpress/wp-content/plugins/dg-divi-carousel/styles/light-box-stylesd03b.css]
[localhost/website/wordpress/wp-content/plugins/dg-divi-carousel/styles/swiper.mind03b.css]
[localhost/website/wordpress/wp-content/themes/Divi/core/admin/fonts/modules.eot]
[localhost/website/wordpress/wp-content/themes/Divi/core/admin/fonts/modules.ttf]
[localhost/website/wordpress/wp-content/themes/Divi/core/admin/fonts/modulesd41d.eot]
[localhost/website/wordpress/wp-content/themes/Divi/core/admin/fonts/modules.woff]
[localhost/website/wordpress/wp-content/themes/Divi/includes/builder/styles/images/subscribe-loader.gif]
[localhost/website/wordpress/wp-content/themes/Divi/includes/builder/styles/images/preloader.gif]
[localhost/website/wordpress/wp-content/themes/Divi/epanel/shortcodes/images/shortcodes-sprite.png]
[localhost/website/wordpress/wp-content/themes/Divi/style82d0.css]
[localhost/website/wordpress/wp-content/plugins/dg-divi-carousel/styles/style.min488e.css]
[localhost/website/wordpress/wp-content/plugins/divi-essential/styles/style.min8a54.css]
[localhost/website/wordpress/wp-content/plugins/divi-essential/styles/admin-module.css]
[localhost/website/wordpress/wp-content/plugins/divi-essential/styles/animate.min.css]
[localhost/website/wordpress/wp-content/plugins/divi-essential/styles/swiper.min.css]
[localhost/website/wordpress/wp-content/plugins/divi-essential/styles/style.css]
[localhost/website/wordpress/wp-content/plugins/supreme-modules-pro-for-divi/styles/style.minf3df.css]
[localhost/website/wordpress/wp-includes/fonts/dashicons7d4b.eot]
[localhost/website/wordpress/wp-includes/fonts/dashicons7d4b.ttf]
[localhost/website/wordpress/wp-includes/css/dashicons.mind03b.css]
[localhost/website/wordpress/wp-content/plugins/divi-toolbox/cache/wp_dtb-style-6460149d03b.css]
[localhost/website/wordpress/wp-content/themes/Divi/core/admin/fonts/modules.svg]
